---
source: tests/pipeline_streams.rs
assertion_line: 341
expression: snapshot
input_file: tests/fixtures/streams/claude/workflow.jsonl
---
line_count: 10
checkpoint_count: 9
checkpoints:
  - line_index: 0
    event_type: system
    roles: []
    last_part_types: []
  - line_index: 1
    event_type: assistant
    roles:
      - assistant
    last_part_types:
      - workflow
  - line_index: 2
    event_type: system
    roles:
      - assistant
    last_part_types:
      - workflow
  - line_index: 3
    event_type: user
    roles:
      - assistant
    last_part_types:
      - workflow
  - line_index: 4
    event_type: system
    roles:
      - assistant
    last_part_types:
      - workflow
  - line_index: 5
    event_type: system
    roles:
      - assistant
    last_part_types:
      - workflow
  - line_index: 6
    event_type: assistant
    roles:
      - assistant
    last_part_types:
      - workflow
      - text
  - line_index: 7
    event_type: system
    roles:
      - assistant
    last_part_types:
      - workflow
      - text
  - line_index: 8
    event_type: result
    roles:
      - assistant
      - system
    last_part_types:
      - text
final_state:
  message_count: 2
  roles:
    - assistant
    - system
  total_parts: 3
persisted_turns:
  turn_count: 3
  total_blocks: 3
  turns:
    - role: assistant
      block_types:
        - tool_use
    - role: user
      block_types:
        - tool_result
    - role: assistant
      block_types:
        - text
historical_render:
  message_count: 1
  messages:
    - role: assistant
      part_types:
        - workflow
        - text
